// Jest Snapshot v1, https://goo.gl/fbAQLP

exports[`renders Header unchanged 1`] = `
<div>
  <h1
    class="h1"
  >
    Hello World
  </h1>
</div>
`;
